// Jest Snapshot v1, https://goo.gl/fbAQLP

exports[`ImageSlider renders 1`] = `
<DocumentFragment>
  <div
    class="sc-AxjAm fdgoAF"
  >
    <div
      class="sc-AxirZ iWxEsR"
      data-testid="image-slider-container"
      style="display: block;"
    >
      <div
        class="awssld--organic-arrows awssld"
      >
        <div
          class="awssld__wrapper"
        >
          <div
            class="awssld__container"
          >
            <div
              class="awssld__box awssld--active"
            >
              <div
                class="awssld__content"
              >
                <img
                  src="test-src"
                />
              </div>
            </div>
            <div
              class="awssld__box"
            />
          </div>
          <div
            class="awssld__controls awssld__controls--hidden"
          >
            <button
              aria-label="next"
              class="awssld__next"
            >
              <span
                class="awssld__controls__arrow-right"
              />
            </button>
            <button
              aria-label="previous"
              class="awssld__prev"
            >
              <span
                class="awssld__controls__arrow-left"
              />
            </button>
          </div>
        </div>
        <nav
          class="awssld__bullets"
        >
          <button
            class="awssld__bullets--active"
            data-index="0"
          >
            0
          </button>
        </nav>
      </div>
    </div>
  </div>
</DocumentFragment>
`;
